// Jest Snapshot v1, https://goo.gl/fbAQLP

exports[`renders homepage unchanged 1`] = `
<div>
  <div
    class="container"
  >
    <h1>
       CONVERT INTEGER TO ROMAN NUMERALS
    </h1>
    <input
      placeholder="enter number"
      type="nxumber"
      value=""
    />
  </div>
</div>
`;
